// Jest Snapshot v1, https://goo.gl/fbAQLP

exports[`Ledger\`.vue renders props.msg when passed 1`] = `
<div>
  <table>
    <tr>
      <td>
        Betelgeuse's Bakery For The Recently deceased
      </td>
       
      <td>
        -$9.99
      </td>
    </tr>
    <tr>
      <td>
        CBGBs
      </td>
       
      <td>
        -$42.69
      </td>
    </tr>
  </table>
</div>
`;
